
> flare-frontend@2.0.0 build
> next build

  ▲ Next.js 14.2.5
  - Environments: .env.local

   Creating an optimized production build ...
 ✓ Compiled successfully
   Linting and checking validity of types ...

./src/app/student/[id]/page.tsx
67:6  Warning: React Hook useEffect has a missing dependency: 'loadData'. Either include it or remove the dependency array.  react-hooks/exhaustive-deps
74:6  Warning: React Hook useEffect has missing dependencies: 'loadData' and 'student'. Either include them or remove the dependency array.  react-hooks/exhaustive-deps

./src/components/RiskGauge.tsx
38:6  Warning: React Hook useEffect has a missing dependency: 'displayScore'. Either include it or remove the dependency array.  react-hooks/exhaustive-deps

info  - Need to disable some ESLint rules? Learn more here: https://nextjs.org/docs/basic-features/eslint#disabling-rules
   Collecting page data ...
   Generating static pages (0/6) ...
   Generating static pages (1/6) 
   Generating static pages (2/6) 
   Generating static pages (4/6) 
 ✓ Generating static pages (6/6)
   Finalizing page optimization ...
   Collecting build traces ...

Route (app)                              Size     First Load JS
┌ ○ /                                    138 B          87.5 kB
├ ○ /_not-found                          875 B          88.2 kB
├ ○ /advisor                             4.55 kB         222 kB
├ ○ /login                               3.21 kB        90.5 kB
└ ƒ /student/[id]                        4.32 kB         222 kB
+ First Load JS shared by all            87.3 kB
  ├ chunks/23-3be047cc88b296e6.js        31.7 kB
  ├ chunks/fd9d1056-8ddc30d64932d487.js  53.6 kB
  └ other shared chunks (total)          2 kB


○  (Static)   prerendered as static content
ƒ  (Dynamic)  server-rendered on demand

